// Jest Snapshot v1, https://goo.gl/fbAQLP

exports[`component renders 1`] = `
<div
  className="row"
>
  <div
    className="col-lg-12 text-center"
  >
    <p
      className="lead mb-0"
    >
      한국말 쓰고 싶어
    </p>
  </div>
</div>
`;
